// Jest Snapshot v1, https://goo.gl/fbAQLP

exports[`Languages should render successfully 1`] = `
ShallowWrapper {
  "length": 1,
  Symbol(enzyme.__root__): [Circular],
  Symbol(enzyme.__unrendered__): <Languages
    languages={
        Array [
            "English",
            "French",
            "German",
          ]
    }
/>,
  Symbol(enzyme.__renderer__): Object {
    "batchedUpdates": [Function],
    "getNode": [Function],
    "render": [Function],
    "simulateEvent": [Function],
    "unmount": [Function],
  },
  Symbol(enzyme.__node__): Object {
    "instance": null,
    "key": undefined,
    "nodeType": "function",
    "props": Object {
      "children": Array [
        <h4>
          LANGUAGES
</h4>,
        <ul>
          <li>
                    English
          </li>
          <li>
                    French
          </li>
          <li>
                    German
          </li>
</ul>,
      ],
    },
    "ref": null,
    "rendered": Array [
      Object {
        "instance": null,
        "key": undefined,
        "nodeType": "host",
        "props": Object {
          "children": "LANGUAGES",
        },
        "ref": null,
        "rendered": "LANGUAGES",
        "type": "h4",
      },
      Object {
        "instance": null,
        "key": undefined,
        "nodeType": "host",
        "props": Object {
          "children": Array [
            <li>
              English
</li>,
            <li>
              French
</li>,
            <li>
              German
</li>,
          ],
        },
        "ref": null,
        "rendered": Array [
          Object {
            "instance": null,
            "key": undefined,
            "nodeType": "host",
            "props": Object {
              "children": "English",
            },
            "ref": null,
            "rendered": "English",
            "type": "li",
          },
          Object {
            "instance": null,
            "key": undefined,
            "nodeType": "host",
            "props": Object {
              "children": "French",
            },
            "ref": null,
            "rendered": "French",
            "type": "li",
          },
          Object {
            "instance": null,
            "key": undefined,
            "nodeType": "host",
            "props": Object {
              "children": "German",
            },
            "ref": null,
            "rendered": "German",
            "type": "li",
          },
        ],
        "type": "ul",
      },
    ],
    "type": Symbol(react.fragment),
  },
  Symbol(enzyme.__nodes__): Array [
    Object {
      "instance": null,
      "key": undefined,
      "nodeType": "function",
      "props": Object {
        "children": Array [
          <h4>
            LANGUAGES
</h4>,
          <ul>
            <li>
                        English
            </li>
            <li>
                        French
            </li>
            <li>
                        German
            </li>
</ul>,
        ],
      },
      "ref": null,
      "rendered": Array [
        Object {
          "instance": null,
          "key": undefined,
          "nodeType": "host",
          "props": Object {
            "children": "LANGUAGES",
          },
          "ref": null,
          "rendered": "LANGUAGES",
          "type": "h4",
        },
        Object {
          "instance": null,
          "key": undefined,
          "nodeType": "host",
          "props": Object {
            "children": Array [
              <li>
                English
</li>,
              <li>
                French
</li>,
              <li>
                German
</li>,
            ],
          },
          "ref": null,
          "rendered": Array [
            Object {
              "instance": null,
              "key": undefined,
              "nodeType": "host",
              "props": Object {
                "children": "English",
              },
              "ref": null,
              "rendered": "English",
              "type": "li",
            },
            Object {
              "instance": null,
              "key": undefined,
              "nodeType": "host",
              "props": Object {
                "children": "French",
              },
              "ref": null,
              "rendered": "French",
              "type": "li",
            },
            Object {
              "instance": null,
              "key": undefined,
              "nodeType": "host",
              "props": Object {
                "children": "German",
              },
              "ref": null,
              "rendered": "German",
              "type": "li",
            },
          ],
          "type": "ul",
        },
      ],
      "type": Symbol(react.fragment),
    },
  ],
  Symbol(enzyme.__options__): Object {
    "adapter": ReactSixteenAdapter {
      "options": Object {
        "enableComponentDidUpdateOnSetState": true,
      },
    },
  },
}
`;
